// Jest Snapshot v1, https://goo.gl/fbAQLP

exports[`renders page 1`] = `
<div
  className="grid-item"
  onClick={[Function]}
>
  <img
    alt="Location"
    src="EZTravelLogo.png"
  />
  <div
    className="grid-text"
  >
    <h3>
      Sample Location 1
    </h3>
    <p>
      Price: $
      150
    </p>
    <p>
      Rating: 
      ★★★★☆
    </p>
    <button
      className="grid-favorite-btn"
      onClick={[Function]}
    >
      <svg
        aria-hidden={true}
        className="MuiSvgIcon-root MuiSvgIcon-fontSizeMedium css-i4bv87-MuiSvgIcon-root"
        data-testid="FavoriteBorderIcon"
        focusable="false"
        style={
          Object {
            "color": "black",
          }
        }
        viewBox="0 0 24 24"
      >
        <path
          d="M16.5 3c-1.74 0-3.41.81-4.5 2.09C10.91 3.81 9.24 3 7.5 3 4.42 3 2 5.42 2 8.5c0 3.78 3.4 6.86 8.55 11.54L12 21.35l1.45-1.32C18.6 15.36 22 12.28 22 8.5 22 5.42 19.58 3 16.5 3m-4.4 15.55-.1.1-.1-.1C7.14 14.24 4 11.39 4 8.5 4 6.5 5.5 5 7.5 5c1.54 0 3.04.99 3.57 2.36h1.87C13.46 5.99 14.96 5 16.5 5c2 0 3.5 1.5 3.5 3.5 0 2.89-3.14 5.74-7.9 10.05"
        />
      </svg>
    </button>
    <button
      className="grid-add-btn"
      onClick={[Function]}
    >
      <svg
        aria-hidden={true}
        className="MuiSvgIcon-root MuiSvgIcon-fontSizeMedium css-i4bv87-MuiSvgIcon-root"
        data-testid="AddIcon"
        focusable="false"
        style={
          Object {
            "color": "black",
          }
        }
        viewBox="0 0 24 24"
      >
        <path
          d="M19 13h-6v6h-2v-6H5v-2h6V5h2v6h6z"
        />
      </svg>
    </button>
  </div>
</div>
`;
